src/app/[orgSlug]/page.tsx(43,5): error TS2554: Expected 2 arguments, but got 1.
src/app/[orgSlug]/page.tsx(44,5): error TS2554: Expected 2 arguments, but got 1.
src/app/[orgSlug]/visits/page.tsx(20,5): error TS2554: Expected 2 arguments, but got 1.
src/app/[orgSlug]/visits/page.tsx(21,5): error TS2554: Expected 2 arguments, but got 1.
